// Jest Snapshot v1, https://goo.gl/fbAQLP

exports[`api-routes should match the routes stored in the snapshot 1`] = `
Array [
  Array [
    "/test",
  ],
  Array [
    "/geoname",
  ],
  Array [
    "/position-info",
  ],
  Array [
    "/thumbnail",
  ],
  Array [
    "/weather-current",
  ],
  Array [
    "/weather-forecast",
  ],
  Array [
    "/save-trip",
  ],
  Array [
    "/remove-trip",
  ],
  Array [
    "/get-saved-trips",
  ],
  Array [
    "/save-trips",
  ],
]
`;
