// Jest Snapshot v1, https://jestjs.io/docs/snapshot-testing

exports[`api-routes should match the routes stored in the snapshot 1`] = `
[
  [
    "/geoname",
  ],
  [
    "/location-info",
  ],
  [
    "/foo",
  ],
  [
    "/thumbnail",
  ],
  [
    "/weather/current",
  ],
  [
    "/weather/forecast",
  ],
  [
    "/trips/add",
  ],
  [
    "/trips/remove",
  ],
  [
    "/trips/restore",
  ],
]
`;
