// Jest Snapshot v1, https://goo.gl/fbAQLP

exports[`app-view receiving the data of the search should update the results 1`] = `
<section
  class="results"
/>
`;

exports[`app-view receiving the data of the search should update the results 2`] = `
<section
  class="results"
>
  <main
    class="card"
  >
    mock-results-view
  </main>
</section>
`;
